error[E0433]: failed to resolve: you might be missing crate `nonexistent`
  --> $DIR/editions-crate-root-2015.rs:4:26
   |
LL |     fn global_inner(_: ::nonexistent::Foo) {
   |                          ^^^^^^^^^^^ you might be missing crate `nonexistent`
   |
help: consider importing the `nonexistent` crate
   |
LL + extern crate nonexistent;
   |

error[E0433]: failed to resolve: you might be missing crate `nonexistent`
  --> $DIR/editions-crate-root-2015.rs:7:30
   |
LL |     fn crate_inner(_: crate::nonexistent::Foo) {
   |                              ^^^^^^^^^^^ you might be missing crate `nonexistent`
   |
help: consider importing the `nonexistent` crate
   |
LL + extern crate nonexistent;
   |

error[E0412]: cannot find type `nonexistent` in the crate root
  --> $DIR/editions-crate-root-2015.rs:11:25
   |
LL |     fn bare_global(_: ::nonexistent) {
   |                         ^^^^^^^^^^^ not found in the crate root

error[E0412]: cannot find type `nonexistent` in the crate root
  --> $DIR/editions-crate-root-2015.rs:14:29
   |
LL |     fn bare_crate(_: crate::nonexistent) {
   |                             ^^^^^^^^^^^ not found in the crate root

error: aborting due to 4 previous errors

Some errors have detailed explanations: E0412, E0433.
For more information about an error, try `rustc --explain E0412`.
